// Jest Snapshot v1, https://goo.gl/fbAQLP

exports[`HouseCard matches snapshot 1`] = `
ShallowWrapper {
  "length": 1,
  Symbol(enzyme.__root__): [Circular],
  Symbol(enzyme.__unrendered__): <HouseCard
    card={
        Object {
            "house": "greyjoy",
          }
    }
    clicked={false}
/>,
  Symbol(enzyme.__renderer__): Object {
    "batchedUpdates": [Function],
    "getNode": [Function],
    "render": [Function],
    "simulateEvent": [Function],
    "unmount": [Function],
  },
  Symbol(enzyme.__node__): Object {
    "instance": null,
    "key": undefined,
    "nodeType": "class",
    "props": Object {
      "children": <div
        className="house-card"
>
        <h1>
                Name: 
        </h1>
        <p>
                founded: 
                no data available
        </p>
        <p>
                seats: 
        </p>
        <p>
                titles: 
        </p>
        <p>
                coat of arms: 
        </p>
        <p>
                ancestral weapons: 
        </p>
        <p>
                words: 
                no data available
        </p>
</div>,
      "replace": false,
      "to": Object {
        "pathname": "house/undefined",
      },
    },
    "ref": null,
    "rendered": Object {
      "instance": null,
      "key": undefined,
      "nodeType": "host",
      "props": Object {
        "children": Array [
          <h1>
            Name: 
</h1>,
          <p>
            founded: 
            no data available
</p>,
          <p>
            seats: 
</p>,
          <p>
            titles: 
</p>,
          <p>
            coat of arms: 
</p>,
          <p>
            ancestral weapons: 
</p>,
          <p>
            words: 
            no data available
</p>,
          false,
        ],
        "className": "house-card",
      },
      "ref": null,
      "rendered": Array [
        Object {
          "instance": null,
          "key": undefined,
          "nodeType": "host",
          "props": Object {
            "children": Array [
              "Name: ",
              undefined,
            ],
          },
          "ref": null,
          "rendered": Array [
            "Name: ",
            undefined,
          ],
          "type": "h1",
        },
        Object {
          "instance": null,
          "key": undefined,
          "nodeType": "host",
          "props": Object {
            "children": Array [
              "founded: ",
              "no data available",
            ],
          },
          "ref": null,
          "rendered": Array [
            "founded: ",
            "no data available",
          ],
          "type": "p",
        },
        Object {
          "instance": null,
          "key": undefined,
          "nodeType": "host",
          "props": Object {
            "children": Array [
              "seats: ",
              undefined,
            ],
          },
          "ref": null,
          "rendered": Array [
            "seats: ",
            undefined,
          ],
          "type": "p",
        },
        Object {
          "instance": null,
          "key": undefined,
          "nodeType": "host",
          "props": Object {
            "children": Array [
              "titles: ",
              undefined,
            ],
          },
          "ref": null,
          "rendered": Array [
            "titles: ",
            undefined,
          ],
          "type": "p",
        },
        Object {
          "instance": null,
          "key": undefined,
          "nodeType": "host",
          "props": Object {
            "children": Array [
              "coat of arms: ",
              undefined,
            ],
          },
          "ref": null,
          "rendered": Array [
            "coat of arms: ",
            undefined,
          ],
          "type": "p",
        },
        Object {
          "instance": null,
          "key": undefined,
          "nodeType": "host",
          "props": Object {
            "children": Array [
              "ancestral weapons: ",
              undefined,
            ],
          },
          "ref": null,
          "rendered": Array [
            "ancestral weapons: ",
            undefined,
          ],
          "type": "p",
        },
        Object {
          "instance": null,
          "key": undefined,
          "nodeType": "host",
          "props": Object {
            "children": Array [
              "words: ",
              "no data available",
            ],
          },
          "ref": null,
          "rendered": Array [
            "words: ",
            "no data available",
          ],
          "type": "p",
        },
        false,
      ],
      "type": "div",
    },
    "type": [Function],
  },
  Symbol(enzyme.__nodes__): Array [
    Object {
      "instance": null,
      "key": undefined,
      "nodeType": "class",
      "props": Object {
        "children": <div
          className="house-card"
>
          <h1>
                    Name: 
          </h1>
          <p>
                    founded: 
                    no data available
          </p>
          <p>
                    seats: 
          </p>
          <p>
                    titles: 
          </p>
          <p>
                    coat of arms: 
          </p>
          <p>
                    ancestral weapons: 
          </p>
          <p>
                    words: 
                    no data available
          </p>
</div>,
        "replace": false,
        "to": Object {
          "pathname": "house/undefined",
        },
      },
      "ref": null,
      "rendered": Object {
        "instance": null,
        "key": undefined,
        "nodeType": "host",
        "props": Object {
          "children": Array [
            <h1>
              Name: 
</h1>,
            <p>
              founded: 
              no data available
</p>,
            <p>
              seats: 
</p>,
            <p>
              titles: 
</p>,
            <p>
              coat of arms: 
</p>,
            <p>
              ancestral weapons: 
</p>,
            <p>
              words: 
              no data available
</p>,
            false,
          ],
          "className": "house-card",
        },
        "ref": null,
        "rendered": Array [
          Object {
            "instance": null,
            "key": undefined,
            "nodeType": "host",
            "props": Object {
              "children": Array [
                "Name: ",
                undefined,
              ],
            },
            "ref": null,
            "rendered": Array [
              "Name: ",
              undefined,
            ],
            "type": "h1",
          },
          Object {
            "instance": null,
            "key": undefined,
            "nodeType": "host",
            "props": Object {
              "children": Array [
                "founded: ",
                "no data available",
              ],
            },
            "ref": null,
            "rendered": Array [
              "founded: ",
              "no data available",
            ],
            "type": "p",
          },
          Object {
            "instance": null,
            "key": undefined,
            "nodeType": "host",
            "props": Object {
              "children": Array [
                "seats: ",
                undefined,
              ],
            },
            "ref": null,
            "rendered": Array [
              "seats: ",
              undefined,
            ],
            "type": "p",
          },
          Object {
            "instance": null,
            "key": undefined,
            "nodeType": "host",
            "props": Object {
              "children": Array [
                "titles: ",
                undefined,
              ],
            },
            "ref": null,
            "rendered": Array [
              "titles: ",
              undefined,
            ],
            "type": "p",
          },
          Object {
            "instance": null,
            "key": undefined,
            "nodeType": "host",
            "props": Object {
              "children": Array [
                "coat of arms: ",
                undefined,
              ],
            },
            "ref": null,
            "rendered": Array [
              "coat of arms: ",
              undefined,
            ],
            "type": "p",
          },
          Object {
            "instance": null,
            "key": undefined,
            "nodeType": "host",
            "props": Object {
              "children": Array [
                "ancestral weapons: ",
                undefined,
              ],
            },
            "ref": null,
            "rendered": Array [
              "ancestral weapons: ",
              undefined,
            ],
            "type": "p",
          },
          Object {
            "instance": null,
            "key": undefined,
            "nodeType": "host",
            "props": Object {
              "children": Array [
                "words: ",
                "no data available",
              ],
            },
            "ref": null,
            "rendered": Array [
              "words: ",
              "no data available",
            ],
            "type": "p",
          },
          false,
        ],
        "type": "div",
      },
      "type": [Function],
    },
  ],
  Symbol(enzyme.__options__): Object {
    "adapter": ReactSixteenAdapter {
      "options": Object {
        "enableComponentDidUpdateOnSetState": true,
      },
    },
  },
}
`;
